---
source: gtree_macro/tests/test_ccss.rs
expression: x
---
emg_layout :: ccsa :: ScopeViewVariable :: new (:: std :: option :: Option :: None , :: std :: option :: Option :: Some (emg_layout :: ccsa :: NameChars :: Id (emg_core :: IdStr :: new ("button"))) , :: std :: option :: Option :: Some (emg_layout :: ccsa :: PredVariable (emg_core :: IdStr :: new ("width"))))
