---
source: examples/moving_edge/src/main.rs
assertion_line: 161
expression: graph.borrow()
---
Graph {
    nodes:{
           root:
               Node {
                   item: EmgNodeItem {
                       gel: ✦ (⚓ (Layer_)) ,
                       paths_sa: ⚓ [⚬-▣ root],
                       paths_view_gel ⚓ {
                           [⚬-▣ root] : Builder_
                       }

                   }
                   incoming:[
                             ├─ ▢ => ▣ root 
                   ]
                   outgoing:[
                             ├─ ▣ root => ▣ y 
                             ├─ ▣ root => ▣ x 
                   ]

               }

           ,
           x_click:
               Node {
                   item: EmgNodeItem {
                       gel: ✦ (⚓ (Event_)) ,
                       paths_sa: ⚓ [⚬-▣ root => ▣ x => ▣ x_click],
                       paths_view_gel ⚓ {
                           [⚬-▣ root => ▣ x => ▣ x_click] : Event_
                       }

                   }
                   incoming:[
                             ├─ ▣ x => ▣ x_click 
                   ]
                   outgoing:[
                   ]

               }

           ,
           x:
               Node {
                   item: EmgNodeItem {
                       gel: ✦ (⚓ (Layer_)) ,
                       paths_sa: ⚓ [⚬-▣ root => ▣ x],
                       paths_view_gel ⚓ {
                           [⚬-▣ root => ▣ x] : Builder_
                       }

                   }
                   incoming:[
                             ├─ ▣ root => ▣ x 
                   ]
                   outgoing:[
                             ├─ ▣ x => ▣ x_click 
                             ├─ ▣ x => ▣ a 
                             ├─ ▣ x => ▣ m 
                             ├─ ▣ x => ▣ w 
                   ]

               }

           ,
           b:
               Node {
                   item: EmgNodeItem {
                       gel: ✦ (⚓ (Layer_)) ,
                       paths_sa: ⚓ [⚬-▣ root => ▣ x => ▣ m => ▣ b],
                       paths_view_gel ⚓ {
                           [⚬-▣ root => ▣ x => ▣ m => ▣ b] : Builder_
                       }

                   }
                   incoming:[
                             ├─ ▣ m => ▣ b 
                   ]
                   outgoing:[
                   ]

               }

           ,
           ref_x_click:
               Node {
                   item: EmgNodeItem {
                       gel: ✦ (⚓ (NodeRef_)) ,
                       paths_sa: ⚓ [⚬-▣ root => ▣ x => ▣ w => ▣ ref_x_click],
                       paths_view_gel ⚓ {
                           [⚬-▣ root => ▣ x => ▣ w => ▣ ref_x_click] : Event_
                       }

                   }
                   incoming:[
                             ├─ ▣ w => ▣ ref_x_click 
                   ]
                   outgoing:[
                   ]

               }

           ,
           y:
               Node {
                   item: EmgNodeItem {
                       gel: ✦ (⚓ (Layer_)) ,
                       paths_sa: ⚓ [⚬-▣ root => ▣ y],
                       paths_view_gel ⚓ {
                           [⚬-▣ root => ▣ y] : Builder_
                       }

                   }
                   incoming:[
                             ├─ ▣ root => ▣ y 
                   ]
                   outgoing:[
                   ]

               }

           ,
           m:
               Node {
                   item: EmgNodeItem {
                       gel: ✦ (⚓ (Layer_)) ,
                       paths_sa: ⚓ [⚬-▣ root => ▣ x => ▣ m],
                       paths_view_gel ⚓ {
                           [⚬-▣ root => ▣ x => ▣ m] : Builder_
                       }

                   }
                   incoming:[
                             ├─ ▣ x => ▣ m 
                   ]
                   outgoing:[
                             ├─ ▣ m => ▣ b 
                   ]

               }

           ,
           w:
               Node {
                   item: EmgNodeItem {
                       gel: ✦ (⚓ (Layer_)) ,
                       paths_sa: ⚓ [⚬-▣ root => ▣ x => ▣ w],
                       paths_view_gel ⚓ {
                           [⚬-▣ root => ▣ x => ▣ w] : Builder_
                       }

                   }
                   incoming:[
                             ├─ ▣ x => ▣ w 
                   ]
                   outgoing:[
                             ├─ ▣ w => ▣ ref_x_click 
                   ]

               }

           ,
           a:
               Node {
                   item: EmgNodeItem {
                       gel: ✦ (⚓ (Layer_)) ,
                       paths_sa: ⚓ [⚬-▣ root => ▣ x => ▣ a],
                       paths_view_gel ⚓ {
                           [⚬-▣ root => ▣ x => ▣ a] : Builder_
                       }

                   }
                   incoming:[
                             ├─ ▣ x => ▣ a 
                   ]
                   outgoing:[
                   ]

               }

           ,

    }
    edges:{
            {
               ├─ ▢ => ▣ root  : Edge {
                     item: EmgEdgeItem {
                         id: ✦ (⚓ (├─ ▢ => ▣ root ))
                         paths: ⚓<Dict> {
                             [EMPTY!!!!!!!!!!!] : Empty
                         }
                         layout: Layout {
                             size:{
                                 w:✦ (⚓ (600))
                                 h:✦ (⚓ (600))

                             }
                             origin:{
                                 x:✦ (⚓ (None))
                                 y:✦ (⚓ (None))
                                 z:✦ (⚓ (None))

                             }
                             align:{
                                 x:✦ (⚓ (None))
                                 y:✦ (⚓ (None))
                                 z:✦ (⚓ (None))

                             }

                         }
                         styles: ⚓{}
                         path_styles: ✦<HashMap> {
                         }
                         path_layouts: ✦<HashMap> {
                         }
                         other_css_styles:✦ (Style {

                         };)
                         edge_nodes: ⚓<Dict> {
                             [⚬-▣ root] : EdgeData {
                                 calculated: LayoutCalculated {
                                     cass_or_calc_size: ⚓ (
                                       ┌     ┐
                                       │ 600 │
                                       │ 600 │
                                       └     ┘

                                     )
                                     origin: ⚓ (Translation {

                                       ┌       ┐
                                       │ 0.000 │
                                       │ 0.000 │
                                       │ 0.000 │
                                       └       ┘

                                     }
                                     )
                                     align: ⚓ (Translation {

                                       ┌       ┐
                                       │ 0.000 │
                                       │ 0.000 │
                                       │ 0.000 │
                                       └       ┘

                                     }
                                     )
                                     translation: ⚓ (Translation {

                                       ┌       ┐
                                       │ 0.000 │
                                       │ 0.000 │
                                       │ 0.000 │
                                       └       ┘

                                     }
                                     )
                                     coordinates_trans: ⚓ (Translation {

                                       ┌       ┐
                                       │ 0.000 │
                                       │ 0.000 │
                                       │ 0.000 │
                                       └       ┘

                                     }
                                     )
                                     cass_trans: ⚓ (Translation {

                                       ┌       ┐
                                       │ 0.000 │
                                       │ 0.000 │
                                       │ 0.000 │
                                       └       ┘

                                     }
                                     )
                                     matrix: ⚓ (
                                       ┌         ┐
                                       │ 1 0 0 0 │
                                       │ 0 1 0 0 │
                                       │ 0 0 1 0 │
                                       │ 0 0 0 1 │
                                       └         ┘

                                     )
                                     loc_styles: ⚓ (Style {
                                         width: 600px;
                                         height: 600px;
                                         transform: matrix3d(1,0,0,0,0,1,0,0,0,0,1,0,0,0,0,1);

                                     };)
                                     world: ⚓ (Translation {

                                       ┌       ┐
                                       │ 0.000 │
                                       │ 0.000 │
                                       │ 0.000 │
                                       └       ┘

                                     }
                                     )
                                 }
                                 styles_string: String {
                                     ⚓ (width: 600px;
                                     height: 600px;
                                     transform: matrix3d(1,0,0,0,0,1,0,0,0,0,1,0,0,0,0,1);
                                      width: 600px;
                                     height: 600px;
                                     )
                                 }
                                 more... 

                             }
                         }

                     } ,
                     source_nix: None ,
                     target_nix: ▣ root ,

               }
               ├─ ▣ m => ▣ b  : Edge {
                     item: EmgEdgeItem {
                         id: ✦ (⚓ (├─ ▣ m => ▣ b ))
                         paths: ⚓<Dict> {
                             [⚬-▣ root => ▣ x => ▣ m] : EdgeData {
                                 calculated: LayoutCalculated {
                                     cass_or_calc_size: ⚓ (
                                       ┌     ┐
                                       │ 120 │
                                       │  60 │
                                       └     ┘

                                     )
                                     origin: ⚓ (Translation {

                                       ┌         ┐
                                       │   0.000 │
                                       │ -30.000 │
                                       │   0.000 │
                                       └         ┘

                                     }
                                     )
                                     align: ⚓ (Translation {

                                       ┌         ┐
                                       │  20.000 │
                                       │ 120.000 │
                                       │   0.000 │
                                       └         ┘

                                     }
                                     )
                                     translation: ⚓ (Translation {

                                       ┌        ┐
                                       │ 20.000 │
                                       │ 90.000 │
                                       │  0.000 │
                                       └        ┘

                                     }
                                     )
                                     coordinates_trans: ⚓ (Translation {

                                       ┌        ┐
                                       │ 20.000 │
                                       │ 90.000 │
                                       │  0.000 │
                                       └        ┘

                                     }
                                     )
                                     cass_trans: ⚓ (Translation {

                                       ┌       ┐
                                       │ 0.000 │
                                       │ 0.000 │
                                       │ 0.000 │
                                       └       ┘

                                     }
                                     )
                                     matrix: ⚓ (
                                       ┌             ┐
                                       │  1  0  0 20 │
                                       │  0  1  0 90 │
                                       │  0  0  1  0 │
                                       │  0  0  0  1 │
                                       └             ┘

                                     )
                                     loc_styles: ⚓ (Style {
                                         transform: matrix3d(1,0,0,0,0,1,0,0,0,0,1,0,20,90,0,1);

                                     };)
                                     world: ⚓ (Translation {

                                       ┌         ┐
                                       │ 320.000 │
                                       │  90.000 │
                                       │   0.000 │
                                       └         ┘

                                     }
                                     )
                                 }
                                 styles_string: String {
                                     ⚓ (transform: matrix3d(1,0,0,0,0,1,0,0,0,0,1,0,20,90,0,1);
                                      width: 120px;
                                     height: 60px;
                                     )
                                 }
                                 more... 

                             }
                         }
                         layout: Layout {
                             size:{
                                 w:✦ (⚓ (50%))
                                 h:✦ (⚓ (75%))

                             }
                             origin:{
                                 x:✦ (⚓ (50%))
                                 y:✦ (⚓ (50%))
                                 z:✦ (⚓ (None))

                             }
                             align:{
                                 x:✦ (⚓ (50%))
                                 y:✦ (⚓ (50%))
                                 z:✦ (⚓ (None))

                             }

                         }
                         styles: ⚓{TypeName("CssFill"): StateAnchor(Rgba(1.0, 0.0, 0.0, 1.0))}
                         path_styles: ✦<HashMap> {
                         }
                         path_layouts: ✦<HashMap> {
                         }
                         other_css_styles:✦ (Style {

                         };)
                         edge_nodes: ⚓<Dict> {
                             [⚬-▣ root => ▣ x => ▣ m => ▣ b] : EdgeData {
                                 calculated: LayoutCalculated {
                                     cass_or_calc_size: ⚓ (
                                       ┌    ┐
                                       │ 60 │
                                       │ 45 │
                                       └    ┘

                                     )
                                     origin: ⚓ (Translation {

                                       ┌         ┐
                                       │ -30.000 │
                                       │ -22.500 │
                                       │   0.000 │
                                       └         ┘

                                     }
                                     )
                                     align: ⚓ (Translation {

                                       ┌        ┐
                                       │ 60.000 │
                                       │ 30.000 │
                                       │  0.000 │
                                       └        ┘

                                     }
                                     )
                                     translation: ⚓ (Translation {

                                       ┌        ┐
                                       │ 30.000 │
                                       │  7.500 │
                                       │  0.000 │
                                       └        ┘

                                     }
                                     )
                                     coordinates_trans: ⚓ (Translation {

                                       ┌        ┐
                                       │ 30.000 │
                                       │  7.500 │
                                       │  0.000 │
                                       └        ┘

                                     }
                                     )
                                     cass_trans: ⚓ (Translation {

                                       ┌       ┐
                                       │ 0.000 │
                                       │ 0.000 │
                                       │ 0.000 │
                                       └       ┘

                                     }
                                     )
                                     matrix: ⚓ (
                                       ┌                 ┐
                                       │   1   0   0  30 │
                                       │   0   1   0 7.5 │
                                       │   0   0   1   0 │
                                       │   0   0   0   1 │
                                       └                 ┘

                                     )
                                     loc_styles: ⚓ (Style {
                                         transform: matrix3d(1,0,0,0,0,1,0,0,0,0,1,0,30,7.5,0,1);

                                     };)
                                     world: ⚓ (Translation {

                                       ┌         ┐
                                       │ 350.000 │
                                       │  97.500 │
                                       │   0.000 │
                                       └         ┘

                                     }
                                     )
                                 }
                                 styles_string: String {
                                     ⚓ (transform: matrix3d(1,0,0,0,0,1,0,0,0,0,1,0,30,7.5,0,1);
                                      width: 60px;
                                     height: 45px;
                                     )
                                 }
                                 more... 

                             }
                         }

                     } ,
                     source_nix: ▣ m ,
                     target_nix: ▣ b ,

               }
               ├─ ▣ root => ▣ x  : Edge {
                     item: EmgEdgeItem {
                         id: ✦ (⚓ (├─ ▣ root => ▣ x ))
                         paths: ⚓<Dict> {
                             [⚬-▣ root] : EdgeData {
                                 calculated: LayoutCalculated {
                                     cass_or_calc_size: ⚓ (
                                       ┌     ┐
                                       │ 600 │
                                       │ 600 │
                                       └     ┘

                                     )
                                     origin: ⚓ (Translation {

                                       ┌       ┐
                                       │ 0.000 │
                                       │ 0.000 │
                                       │ 0.000 │
                                       └       ┘

                                     }
                                     )
                                     align: ⚓ (Translation {

                                       ┌       ┐
                                       │ 0.000 │
                                       │ 0.000 │
                                       │ 0.000 │
                                       └       ┘

                                     }
                                     )
                                     translation: ⚓ (Translation {

                                       ┌       ┐
                                       │ 0.000 │
                                       │ 0.000 │
                                       │ 0.000 │
                                       └       ┘

                                     }
                                     )
                                     coordinates_trans: ⚓ (Translation {

                                       ┌       ┐
                                       │ 0.000 │
                                       │ 0.000 │
                                       │ 0.000 │
                                       └       ┘

                                     }
                                     )
                                     cass_trans: ⚓ (Translation {

                                       ┌       ┐
                                       │ 0.000 │
                                       │ 0.000 │
                                       │ 0.000 │
                                       └       ┘

                                     }
                                     )
                                     matrix: ⚓ (
                                       ┌         ┐
                                       │ 1 0 0 0 │
                                       │ 0 1 0 0 │
                                       │ 0 0 1 0 │
                                       │ 0 0 0 1 │
                                       └         ┘

                                     )
                                     loc_styles: ⚓ (Style {
                                         width: 600px;
                                         height: 600px;
                                         transform: matrix3d(1,0,0,0,0,1,0,0,0,0,1,0,0,0,0,1);

                                     };)
                                     world: ⚓ (Translation {

                                       ┌       ┐
                                       │ 0.000 │
                                       │ 0.000 │
                                       │ 0.000 │
                                       └       ┘

                                     }
                                     )
                                 }
                                 styles_string: String {
                                     ⚓ (width: 600px;
                                     height: 600px;
                                     transform: matrix3d(1,0,0,0,0,1,0,0,0,0,1,0,0,0,0,1);
                                      width: 600px;
                                     height: 600px;
                                     )
                                 }
                                 more... 

                             }
                         }
                         layout: Layout {
                             size:{
                                 w:✦ (⚓ (40%))
                                 h:✦ (⚓ (40%))

                             }
                             origin:{
                                 x:✦ (⚓ (0%))
                                 y:✦ (⚓ (0%))
                                 z:✦ (⚓ (None))

                             }
                             align:{
                                 x:✦ (⚓ (50%))
                                 y:✦ (⚓ (0%))
                                 z:✦ (⚓ (None))

                             }

                         }
                         styles: ⚓{TypeName("CssBorderColor"): StateAnchor(Rgba(1.0, 0.0, 0.0, 1.0)), TypeName("CssBorderWidth"): StateAnchor(Length(Simplex(ExactLengthSimplex { unit: Px, value: NotNan(2.0) }))), TypeName("CssFill"): StateAnchor(Hsl(150.0, 100.0, 30.0))}
                         path_styles: ✦<HashMap> {
                         }
                         path_layouts: ✦<HashMap> {
                         }
                         other_css_styles:✦ (Style {

                         };)
                         edge_nodes: ⚓<Dict> {
                             [⚬-▣ root => ▣ x] : EdgeData {
                                 calculated: LayoutCalculated {
                                     cass_or_calc_size: ⚓ (
                                       ┌     ┐
                                       │ 240 │
                                       │ 240 │
                                       └     ┘

                                     )
                                     origin: ⚓ (Translation {

                                       ┌       ┐
                                       │ 0.000 │
                                       │ 0.000 │
                                       │ 0.000 │
                                       └       ┘

                                     }
                                     )
                                     align: ⚓ (Translation {

                                       ┌         ┐
                                       │ 300.000 │
                                       │   0.000 │
                                       │   0.000 │
                                       └         ┘

                                     }
                                     )
                                     translation: ⚓ (Translation {

                                       ┌         ┐
                                       │ 300.000 │
                                       │   0.000 │
                                       │   0.000 │
                                       └         ┘

                                     }
                                     )
                                     coordinates_trans: ⚓ (Translation {

                                       ┌         ┐
                                       │ 300.000 │
                                       │   0.000 │
                                       │   0.000 │
                                       └         ┘

                                     }
                                     )
                                     cass_trans: ⚓ (Translation {

                                       ┌       ┐
                                       │ 0.000 │
                                       │ 0.000 │
                                       │ 0.000 │
                                       └       ┘

                                     }
                                     )
                                     matrix: ⚓ (
                                       ┌                 ┐
                                       │   1   0   0 300 │
                                       │   0   1   0   0 │
                                       │   0   0   1   0 │
                                       │   0   0   0   1 │
                                       └                 ┘

                                     )
                                     loc_styles: ⚓ (Style {
                                         transform: matrix3d(1,0,0,0,0,1,0,0,0,0,1,0,300,0,0,1);

                                     };)
                                     world: ⚓ (Translation {

                                       ┌         ┐
                                       │ 300.000 │
                                       │   0.000 │
                                       │   0.000 │
                                       └         ┘

                                     }
                                     )
                                 }
                                 styles_string: String {
                                     ⚓ (transform: matrix3d(1,0,0,0,0,1,0,0,0,0,1,0,300,0,0,1);
                                      width: 240px;
                                     height: 240px;
                                     )
                                 }
                                 more... 

                             }
                         }

                     } ,
                     source_nix: ▣ root ,
                     target_nix: ▣ x ,

               }
               ├─ ▣ root => ▣ y  : Edge {
                     item: EmgEdgeItem {
                         id: ✦ (⚓ (├─ ▣ root => ▣ y ))
                         paths: ⚓<Dict> {
                             [⚬-▣ root] : EdgeData {
                                 calculated: LayoutCalculated {
                                     cass_or_calc_size: ⚓ (
                                       ┌     ┐
                                       │ 600 │
                                       │ 600 │
                                       └     ┘

                                     )
                                     origin: ⚓ (Translation {

                                       ┌       ┐
                                       │ 0.000 │
                                       │ 0.000 │
                                       │ 0.000 │
                                       └       ┘

                                     }
                                     )
                                     align: ⚓ (Translation {

                                       ┌       ┐
                                       │ 0.000 │
                                       │ 0.000 │
                                       │ 0.000 │
                                       └       ┘

                                     }
                                     )
                                     translation: ⚓ (Translation {

                                       ┌       ┐
                                       │ 0.000 │
                                       │ 0.000 │
                                       │ 0.000 │
                                       └       ┘

                                     }
                                     )
                                     coordinates_trans: ⚓ (Translation {

                                       ┌       ┐
                                       │ 0.000 │
                                       │ 0.000 │
                                       │ 0.000 │
                                       └       ┘

                                     }
                                     )
                                     cass_trans: ⚓ (Translation {

                                       ┌       ┐
                                       │ 0.000 │
                                       │ 0.000 │
                                       │ 0.000 │
                                       └       ┘

                                     }
                                     )
                                     matrix: ⚓ (
                                       ┌         ┐
                                       │ 1 0 0 0 │
                                       │ 0 1 0 0 │
                                       │ 0 0 1 0 │
                                       │ 0 0 0 1 │
                                       └         ┘

                                     )
                                     loc_styles: ⚓ (Style {
                                         width: 600px;
                                         height: 600px;
                                         transform: matrix3d(1,0,0,0,0,1,0,0,0,0,1,0,0,0,0,1);

                                     };)
                                     world: ⚓ (Translation {

                                       ┌       ┐
                                       │ 0.000 │
                                       │ 0.000 │
                                       │ 0.000 │
                                       └       ┘

                                     }
                                     )
                                 }
                                 styles_string: String {
                                     ⚓ (width: 600px;
                                     height: 600px;
                                     transform: matrix3d(1,0,0,0,0,1,0,0,0,0,1,0,0,0,0,1);
                                      width: 600px;
                                     height: 600px;
                                     )
                                 }
                                 more... 

                             }
                         }
                         layout: Layout {
                             size:{
                                 w:✦ (⚓ (40%))
                                 h:✦ (⚓ (40%))

                             }
                             origin:{
                                 x:✦ (⚓ (0px))
                                 y:✦ (⚓ (0px))
                                 z:✦ (⚓ (None))

                             }
                             align:{
                                 x:✦ (⚓ (0px))
                                 y:✦ (⚓ (0px))
                                 z:✦ (⚓ (None))

                             }

                         }
                         styles: ⚓{TypeName("CssBorderColor"): StateAnchor(Rgba(0.0, 0.0, 1.0, 1.0)), TypeName("CssBorderWidth"): StateAnchor(Length(Simplex(ExactLengthSimplex { unit: Px, value: NotNan(2.0) }))), TypeName("CssFill"): StateAnchor(Rgba(0.0, 0.0, 1.0, 1.0))}
                         path_styles: ✦<HashMap> {
                         }
                         path_layouts: ✦<HashMap> {
                         }
                         other_css_styles:✦ (Style {

                         };)
                         edge_nodes: ⚓<Dict> {
                             [⚬-▣ root => ▣ y] : EdgeData {
                                 calculated: LayoutCalculated {
                                     cass_or_calc_size: ⚓ (
                                       ┌     ┐
                                       │ 240 │
                                       │ 240 │
                                       └     ┘

                                     )
                                     origin: ⚓ (Translation {

                                       ┌       ┐
                                       │ 0.000 │
                                       │ 0.000 │
                                       │ 0.000 │
                                       └       ┘

                                     }
                                     )
                                     align: ⚓ (Translation {

                                       ┌       ┐
                                       │ 0.000 │
                                       │ 0.000 │
                                       │ 0.000 │
                                       └       ┘

                                     }
                                     )
                                     translation: ⚓ (Translation {

                                       ┌       ┐
                                       │ 0.000 │
                                       │ 0.000 │
                                       │ 0.000 │
                                       └       ┘

                                     }
                                     )
                                     coordinates_trans: ⚓ (Translation {

                                       ┌       ┐
                                       │ 0.000 │
                                       │ 0.000 │
                                       │ 0.000 │
                                       └       ┘

                                     }
                                     )
                                     cass_trans: ⚓ (Translation {

                                       ┌       ┐
                                       │ 0.000 │
                                       │ 0.000 │
                                       │ 0.000 │
                                       └       ┘

                                     }
                                     )
                                     matrix: ⚓ (
                                       ┌         ┐
                                       │ 1 0 0 0 │
                                       │ 0 1 0 0 │
                                       │ 0 0 1 0 │
                                       │ 0 0 0 1 │
                                       └         ┘

                                     )
                                     loc_styles: ⚓ (Style {
                                         transform: matrix3d(1,0,0,0,0,1,0,0,0,0,1,0,0,0,0,1);

                                     };)
                                     world: ⚓ (Translation {

                                       ┌       ┐
                                       │ 0.000 │
                                       │ 0.000 │
                                       │ 0.000 │
                                       └       ┘

                                     }
                                     )
                                 }
                                 styles_string: String {
                                     ⚓ (transform: matrix3d(1,0,0,0,0,1,0,0,0,0,1,0,0,0,0,1);
                                      width: 240px;
                                     height: 240px;
                                     )
                                 }
                                 more... 

                             }
                         }

                     } ,
                     source_nix: ▣ root ,
                     target_nix: ▣ y ,

               }
               ├─ ▣ w => ▣ ref_x_click  : Edge {
                     item: EmgEdgeItem {
                         id: ✦ (⚓ (├─ ▣ w => ▣ ref_x_click ))
                         paths: ⚓<Dict> {
                             [⚬-▣ root => ▣ x => ▣ w] : EdgeData {
                                 calculated: LayoutCalculated {
                                     cass_or_calc_size: ⚓ (
                                       ┌     ┐
                                       │ 120 │
                                       │  60 │
                                       └     ┘

                                     )
                                     origin: ⚓ (Translation {

                                       ┌         ┐
                                       │   0.000 │
                                       │ -60.000 │
                                       │   0.000 │
                                       └         ┘

                                     }
                                     )
                                     align: ⚓ (Translation {

                                       ┌         ┐
                                       │  20.000 │
                                       │ 240.000 │
                                       │   0.000 │
                                       └         ┘

                                     }
                                     )
                                     translation: ⚓ (Translation {

                                       ┌         ┐
                                       │  20.000 │
                                       │ 180.000 │
                                       │   0.000 │
                                       └         ┘

                                     }
                                     )
                                     coordinates_trans: ⚓ (Translation {

                                       ┌         ┐
                                       │  20.000 │
                                       │ 180.000 │
                                       │   0.000 │
                                       └         ┘

                                     }
                                     )
                                     cass_trans: ⚓ (Translation {

                                       ┌       ┐
                                       │ 0.000 │
                                       │ 0.000 │
                                       │ 0.000 │
                                       └       ┘

                                     }
                                     )
                                     matrix: ⚓ (
                                       ┌                 ┐
                                       │   1   0   0  20 │
                                       │   0   1   0 180 │
                                       │   0   0   1   0 │
                                       │   0   0   0   1 │
                                       └                 ┘

                                     )
                                     loc_styles: ⚓ (Style {
                                         transform: matrix3d(1,0,0,0,0,1,0,0,0,0,1,0,20,180,0,1);

                                     };)
                                     world: ⚓ (Translation {

                                       ┌         ┐
                                       │ 320.000 │
                                       │ 180.000 │
                                       │   0.000 │
                                       └         ┘

                                     }
                                     )
                                 }
                                 styles_string: String {
                                     ⚓ (transform: matrix3d(1,0,0,0,0,1,0,0,0,0,1,0,20,180,0,1);
                                      width: 120px;
                                     height: 60px;
                                     )
                                 }
                                 more... 

                             }
                         }
                         layout: Layout {
                             size:{
                                 w:✦ (⚓ (None))
                                 h:✦ (⚓ (None))

                             }
                             origin:{
                                 x:✦ (⚓ (None))
                                 y:✦ (⚓ (None))
                                 z:✦ (⚓ (None))

                             }
                             align:{
                                 x:✦ (⚓ (None))
                                 y:✦ (⚓ (None))
                                 z:✦ (⚓ (None))

                             }

                         }
                         styles: ⚓{}
                         path_styles: ✦<HashMap> {
                         }
                         path_layouts: ✦<HashMap> {
                         }
                         other_css_styles:✦ (Style {

                         };)
                         edge_nodes: ⚓<Dict> {
                             [⚬-▣ root => ▣ x => ▣ w => ▣ ref_x_click] : EdgeData {
                                 calculated: LayoutCalculated {
                                     cass_or_calc_size: ⚓ (
                                       ┌   ┐
                                       │ 0 │
                                       │ 0 │
                                       └   ┘

                                     )
                                     origin: ⚓ (Translation {

                                       ┌       ┐
                                       │ 0.000 │
                                       │ 0.000 │
                                       │ 0.000 │
                                       └       ┘

                                     }
                                     )
                                     align: ⚓ (Translation {

                                       ┌       ┐
                                       │ 0.000 │
                                       │ 0.000 │
                                       │ 0.000 │
                                       └       ┘

                                     }
                                     )
                                     translation: ⚓ (Translation {

                                       ┌       ┐
                                       │ 0.000 │
                                       │ 0.000 │
                                       │ 0.000 │
                                       └       ┘

                                     }
                                     )
                                     coordinates_trans: ⚓ (Translation {

                                       ┌       ┐
                                       │ 0.000 │
                                       │ 0.000 │
                                       │ 0.000 │
                                       └       ┘

                                     }
                                     )
                                     cass_trans: ⚓ (Translation {

                                       ┌       ┐
                                       │ 0.000 │
                                       │ 0.000 │
                                       │ 0.000 │
                                       └       ┘

                                     }
                                     )
                                     matrix: ⚓ (
                                       ┌         ┐
                                       │ 1 0 0 0 │
                                       │ 0 1 0 0 │
                                       │ 0 0 1 0 │
                                       │ 0 0 0 1 │
                                       └         ┘

                                     )
                                     loc_styles: ⚓ (Style {
                                         transform: matrix3d(1,0,0,0,0,1,0,0,0,0,1,0,0,0,0,1);

                                     };)
                                     world: ⚓ (Translation {

                                       ┌         ┐
                                       │ 320.000 │
                                       │ 180.000 │
                                       │   0.000 │
                                       └         ┘

                                     }
                                     )
                                 }
                                 styles_string: String {
                                     ⚓ (transform: matrix3d(1,0,0,0,0,1,0,0,0,0,1,0,0,0,0,1);
                                      width: -0px;
                                     height: -0px;
                                     )
                                 }
                                 more... 

                             }
                         }

                     } ,
                     source_nix: ▣ w ,
                     target_nix: ▣ ref_x_click ,

               }
               ├─ ▣ x => ▣ a  : Edge {
                     item: EmgEdgeItem {
                         id: ✦ (⚓ (├─ ▣ x => ▣ a ))
                         paths: ⚓<Dict> {
                             [⚬-▣ root => ▣ x] : EdgeData {
                                 calculated: LayoutCalculated {
                                     cass_or_calc_size: ⚓ (
                                       ┌     ┐
                                       │ 240 │
                                       │ 240 │
                                       └     ┘

                                     )
                                     origin: ⚓ (Translation {

                                       ┌       ┐
                                       │ 0.000 │
                                       │ 0.000 │
                                       │ 0.000 │
                                       └       ┘

                                     }
                                     )
                                     align: ⚓ (Translation {

                                       ┌         ┐
                                       │ 300.000 │
                                       │   0.000 │
                                       │   0.000 │
                                       └         ┘

                                     }
                                     )
                                     translation: ⚓ (Translation {

                                       ┌         ┐
                                       │ 300.000 │
                                       │   0.000 │
                                       │   0.000 │
                                       └         ┘

                                     }
                                     )
                                     coordinates_trans: ⚓ (Translation {

                                       ┌         ┐
                                       │ 300.000 │
                                       │   0.000 │
                                       │   0.000 │
                                       └         ┘

                                     }
                                     )
                                     cass_trans: ⚓ (Translation {

                                       ┌       ┐
                                       │ 0.000 │
                                       │ 0.000 │
                                       │ 0.000 │
                                       └       ┘

                                     }
                                     )
                                     matrix: ⚓ (
                                       ┌                 ┐
                                       │   1   0   0 300 │
                                       │   0   1   0   0 │
                                       │   0   0   1   0 │
                                       │   0   0   0   1 │
                                       └                 ┘

                                     )
                                     loc_styles: ⚓ (Style {
                                         transform: matrix3d(1,0,0,0,0,1,0,0,0,0,1,0,300,0,0,1);

                                     };)
                                     world: ⚓ (Translation {

                                       ┌         ┐
                                       │ 300.000 │
                                       │   0.000 │
                                       │   0.000 │
                                       └         ┘

                                     }
                                     )
                                 }
                                 styles_string: String {
                                     ⚓ (transform: matrix3d(1,0,0,0,0,1,0,0,0,0,1,0,300,0,0,1);
                                      width: 240px;
                                     height: 240px;
                                     )
                                 }
                                 more... 

                             }
                         }
                         layout: Layout {
                             size:{
                                 w:✦ (⚓ (50%))
                                 h:✦ (⚓ (25%))

                             }
                             origin:{
                                 x:✦ (⚓ (0px))
                                 y:✦ (⚓ (0px))
                                 z:✦ (⚓ (None))

                             }
                             align:{
                                 x:✦ (⚓ (20px))
                                 y:✦ (⚓ (0px))
                                 z:✦ (⚓ (None))

                             }

                         }
                         styles: ⚓{TypeName("CssFill"): StateAnchor(Rgba(1.0, 0.5, 0.0, 1.0))}
                         path_styles: ✦<HashMap> {
                         }
                         path_layouts: ✦<HashMap> {
                         }
                         other_css_styles:✦ (Style {

                         };)
                         edge_nodes: ⚓<Dict> {
                             [⚬-▣ root => ▣ x => ▣ a] : EdgeData {
                                 calculated: LayoutCalculated {
                                     cass_or_calc_size: ⚓ (
                                       ┌     ┐
                                       │ 120 │
                                       │  60 │
                                       └     ┘

                                     )
                                     origin: ⚓ (Translation {

                                       ┌       ┐
                                       │ 0.000 │
                                       │ 0.000 │
                                       │ 0.000 │
                                       └       ┘

                                     }
                                     )
                                     align: ⚓ (Translation {

                                       ┌        ┐
                                       │ 20.000 │
                                       │  0.000 │
                                       │  0.000 │
                                       └        ┘

                                     }
                                     )
                                     translation: ⚓ (Translation {

                                       ┌        ┐
                                       │ 20.000 │
                                       │  0.000 │
                                       │  0.000 │
                                       └        ┘

                                     }
                                     )
                                     coordinates_trans: ⚓ (Translation {

                                       ┌        ┐
                                       │ 20.000 │
                                       │  0.000 │
                                       │  0.000 │
                                       └        ┘

                                     }
                                     )
                                     cass_trans: ⚓ (Translation {

                                       ┌       ┐
                                       │ 0.000 │
                                       │ 0.000 │
                                       │ 0.000 │
                                       └       ┘

                                     }
                                     )
                                     matrix: ⚓ (
                                       ┌             ┐
                                       │  1  0  0 20 │
                                       │  0  1  0  0 │
                                       │  0  0  1  0 │
                                       │  0  0  0  1 │
                                       └             ┘

                                     )
                                     loc_styles: ⚓ (Style {
                                         transform: matrix3d(1,0,0,0,0,1,0,0,0,0,1,0,20,0,0,1);

                                     };)
                                     world: ⚓ (Translation {

                                       ┌         ┐
                                       │ 320.000 │
                                       │   0.000 │
                                       │   0.000 │
                                       └         ┘

                                     }
                                     )
                                 }
                                 styles_string: String {
                                     ⚓ (transform: matrix3d(1,0,0,0,0,1,0,0,0,0,1,0,20,0,0,1);
                                      width: 120px;
                                     height: 60px;
                                     )
                                 }
                                 more... 

                             }
                         }

                     } ,
                     source_nix: ▣ x ,
                     target_nix: ▣ a ,

               }
               ├─ ▣ x => ▣ m  : Edge {
                     item: EmgEdgeItem {
                         id: ✦ (⚓ (├─ ▣ x => ▣ m ))
                         paths: ⚓<Dict> {
                             [⚬-▣ root => ▣ x] : EdgeData {
                                 calculated: LayoutCalculated {
                                     cass_or_calc_size: ⚓ (
                                       ┌     ┐
                                       │ 240 │
                                       │ 240 │
                                       └     ┘

                                     )
                                     origin: ⚓ (Translation {

                                       ┌       ┐
                                       │ 0.000 │
                                       │ 0.000 │
                                       │ 0.000 │
                                       └       ┘

                                     }
                                     )
                                     align: ⚓ (Translation {

                                       ┌         ┐
                                       │ 300.000 │
                                       │   0.000 │
                                       │   0.000 │
                                       └         ┘

                                     }
                                     )
                                     translation: ⚓ (Translation {

                                       ┌         ┐
                                       │ 300.000 │
                                       │   0.000 │
                                       │   0.000 │
                                       └         ┘

                                     }
                                     )
                                     coordinates_trans: ⚓ (Translation {

                                       ┌         ┐
                                       │ 300.000 │
                                       │   0.000 │
                                       │   0.000 │
                                       └         ┘

                                     }
                                     )
                                     cass_trans: ⚓ (Translation {

                                       ┌       ┐
                                       │ 0.000 │
                                       │ 0.000 │
                                       │ 0.000 │
                                       └       ┘

                                     }
                                     )
                                     matrix: ⚓ (
                                       ┌                 ┐
                                       │   1   0   0 300 │
                                       │   0   1   0   0 │
                                       │   0   0   1   0 │
                                       │   0   0   0   1 │
                                       └                 ┘

                                     )
                                     loc_styles: ⚓ (Style {
                                         transform: matrix3d(1,0,0,0,0,1,0,0,0,0,1,0,300,0,0,1);

                                     };)
                                     world: ⚓ (Translation {

                                       ┌         ┐
                                       │ 300.000 │
                                       │   0.000 │
                                       │   0.000 │
                                       └         ┘

                                     }
                                     )
                                 }
                                 styles_string: String {
                                     ⚓ (transform: matrix3d(1,0,0,0,0,1,0,0,0,0,1,0,300,0,0,1);
                                      width: 240px;
                                     height: 240px;
                                     )
                                 }
                                 more... 

                             }
                         }
                         layout: Layout {
                             size:{
                                 w:✦ (⚓ (50%))
                                 h:✦ (⚓ (25%))

                             }
                             origin:{
                                 x:✦ (⚓ (0px))
                                 y:✦ (⚓ (50%))
                                 z:✦ (⚓ (None))

                             }
                             align:{
                                 x:✦ (⚓ (20px))
                                 y:✦ (⚓ (50%))
                                 z:✦ (⚓ (None))

                             }

                         }
                         styles: ⚓{TypeName("CssFill"): StateAnchor(Rgba(0.0, 0.5, 0.0, 1.0))}
                         path_styles: ✦<HashMap> {
                         }
                         path_layouts: ✦<HashMap> {
                         }
                         other_css_styles:✦ (Style {

                         };)
                         edge_nodes: ⚓<Dict> {
                             [⚬-▣ root => ▣ x => ▣ m] : EdgeData {
                                 calculated: LayoutCalculated {
                                     cass_or_calc_size: ⚓ (
                                       ┌     ┐
                                       │ 120 │
                                       │  60 │
                                       └     ┘

                                     )
                                     origin: ⚓ (Translation {

                                       ┌         ┐
                                       │   0.000 │
                                       │ -30.000 │
                                       │   0.000 │
                                       └         ┘

                                     }
                                     )
                                     align: ⚓ (Translation {

                                       ┌         ┐
                                       │  20.000 │
                                       │ 120.000 │
                                       │   0.000 │
                                       └         ┘

                                     }
                                     )
                                     translation: ⚓ (Translation {

                                       ┌        ┐
                                       │ 20.000 │
                                       │ 90.000 │
                                       │  0.000 │
                                       └        ┘

                                     }
                                     )
                                     coordinates_trans: ⚓ (Translation {

                                       ┌        ┐
                                       │ 20.000 │
                                       │ 90.000 │
                                       │  0.000 │
                                       └        ┘

                                     }
                                     )
                                     cass_trans: ⚓ (Translation {

                                       ┌       ┐
                                       │ 0.000 │
                                       │ 0.000 │
                                       │ 0.000 │
                                       └       ┘

                                     }
                                     )
                                     matrix: ⚓ (
                                       ┌             ┐
                                       │  1  0  0 20 │
                                       │  0  1  0 90 │
                                       │  0  0  1  0 │
                                       │  0  0  0  1 │
                                       └             ┘

                                     )
                                     loc_styles: ⚓ (Style {
                                         transform: matrix3d(1,0,0,0,0,1,0,0,0,0,1,0,20,90,0,1);

                                     };)
                                     world: ⚓ (Translation {

                                       ┌         ┐
                                       │ 320.000 │
                                       │  90.000 │
                                       │   0.000 │
                                       └         ┘

                                     }
                                     )
                                 }
                                 styles_string: String {
                                     ⚓ (transform: matrix3d(1,0,0,0,0,1,0,0,0,0,1,0,20,90,0,1);
                                      width: 120px;
                                     height: 60px;
                                     )
                                 }
                                 more... 

                             }
                         }

                     } ,
                     source_nix: ▣ x ,
                     target_nix: ▣ m ,

               }
               ├─ ▣ x => ▣ w  : Edge {
                     item: EmgEdgeItem {
                         id: ✦ (⚓ (├─ ▣ x => ▣ w ))
                         paths: ⚓<Dict> {
                             [⚬-▣ root => ▣ x] : EdgeData {
                                 calculated: LayoutCalculated {
                                     cass_or_calc_size: ⚓ (
                                       ┌     ┐
                                       │ 240 │
                                       │ 240 │
                                       └     ┘

                                     )
                                     origin: ⚓ (Translation {

                                       ┌       ┐
                                       │ 0.000 │
                                       │ 0.000 │
                                       │ 0.000 │
                                       └       ┘

                                     }
                                     )
                                     align: ⚓ (Translation {

                                       ┌         ┐
                                       │ 300.000 │
                                       │   0.000 │
                                       │   0.000 │
                                       └         ┘

                                     }
                                     )
                                     translation: ⚓ (Translation {

                                       ┌         ┐
                                       │ 300.000 │
                                       │   0.000 │
                                       │   0.000 │
                                       └         ┘

                                     }
                                     )
                                     coordinates_trans: ⚓ (Translation {

                                       ┌         ┐
                                       │ 300.000 │
                                       │   0.000 │
                                       │   0.000 │
                                       └         ┘

                                     }
                                     )
                                     cass_trans: ⚓ (Translation {

                                       ┌       ┐
                                       │ 0.000 │
                                       │ 0.000 │
                                       │ 0.000 │
                                       └       ┘

                                     }
                                     )
                                     matrix: ⚓ (
                                       ┌                 ┐
                                       │   1   0   0 300 │
                                       │   0   1   0   0 │
                                       │   0   0   1   0 │
                                       │   0   0   0   1 │
                                       └                 ┘

                                     )
                                     loc_styles: ⚓ (Style {
                                         transform: matrix3d(1,0,0,0,0,1,0,0,0,0,1,0,300,0,0,1);

                                     };)
                                     world: ⚓ (Translation {

                                       ┌         ┐
                                       │ 300.000 │
                                       │   0.000 │
                                       │   0.000 │
                                       └         ┘

                                     }
                                     )
                                 }
                                 styles_string: String {
                                     ⚓ (transform: matrix3d(1,0,0,0,0,1,0,0,0,0,1,0,300,0,0,1);
                                      width: 240px;
                                     height: 240px;
                                     )
                                 }
                                 more... 

                             }
                         }
                         layout: Layout {
                             size:{
                                 w:✦ (⚓ (50%))
                                 h:✦ (⚓ (25%))

                             }
                             origin:{
                                 x:✦ (⚓ (0px))
                                 y:✦ (⚓ (100%))
                                 z:✦ (⚓ (None))

                             }
                             align:{
                                 x:✦ (⚓ (20px))
                                 y:✦ (⚓ (100%))
                                 z:✦ (⚓ (None))

                             }

                         }
                         styles: ⚓{TypeName("CssFill"): StateAnchor(Rgba(0.0, 0.0, 0.5, 1.0))}
                         path_styles: ✦<HashMap> {
                         }
                         path_layouts: ✦<HashMap> {
                         }
                         other_css_styles:✦ (Style {

                         };)
                         edge_nodes: ⚓<Dict> {
                             [⚬-▣ root => ▣ x => ▣ w] : EdgeData {
                                 calculated: LayoutCalculated {
                                     cass_or_calc_size: ⚓ (
                                       ┌     ┐
                                       │ 120 │
                                       │  60 │
                                       └     ┘

                                     )
                                     origin: ⚓ (Translation {

                                       ┌         ┐
                                       │   0.000 │
                                       │ -60.000 │
                                       │   0.000 │
                                       └         ┘

                                     }
                                     )
                                     align: ⚓ (Translation {

                                       ┌         ┐
                                       │  20.000 │
                                       │ 240.000 │
                                       │   0.000 │
                                       └         ┘

                                     }
                                     )
                                     translation: ⚓ (Translation {

                                       ┌         ┐
                                       │  20.000 │
                                       │ 180.000 │
                                       │   0.000 │
                                       └         ┘

                                     }
                                     )
                                     coordinates_trans: ⚓ (Translation {

                                       ┌         ┐
                                       │  20.000 │
                                       │ 180.000 │
                                       │   0.000 │
                                       └         ┘

                                     }
                                     )
                                     cass_trans: ⚓ (Translation {

                                       ┌       ┐
                                       │ 0.000 │
                                       │ 0.000 │
                                       │ 0.000 │
                                       └       ┘

                                     }
                                     )
                                     matrix: ⚓ (
                                       ┌                 ┐
                                       │   1   0   0  20 │
                                       │   0   1   0 180 │
                                       │   0   0   1   0 │
                                       │   0   0   0   1 │
                                       └                 ┘

                                     )
                                     loc_styles: ⚓ (Style {
                                         transform: matrix3d(1,0,0,0,0,1,0,0,0,0,1,0,20,180,0,1);

                                     };)
                                     world: ⚓ (Translation {

                                       ┌         ┐
                                       │ 320.000 │
                                       │ 180.000 │
                                       │   0.000 │
                                       └         ┘

                                     }
                                     )
                                 }
                                 styles_string: String {
                                     ⚓ (transform: matrix3d(1,0,0,0,0,1,0,0,0,0,1,0,20,180,0,1);
                                      width: 120px;
                                     height: 60px;
                                     )
                                 }
                                 more... 

                             }
                         }

                     } ,
                     source_nix: ▣ x ,
                     target_nix: ▣ w ,

               }
               ├─ ▣ x => ▣ x_click  : Edge {
                     item: EmgEdgeItem {
                         id: ✦ (⚓ (├─ ▣ x => ▣ x_click ))
                         paths: ⚓<Dict> {
                             [⚬-▣ root => ▣ x] : EdgeData {
                                 calculated: LayoutCalculated {
                                     cass_or_calc_size: ⚓ (
                                       ┌     ┐
                                       │ 240 │
                                       │ 240 │
                                       └     ┘

                                     )
                                     origin: ⚓ (Translation {

                                       ┌       ┐
                                       │ 0.000 │
                                       │ 0.000 │
                                       │ 0.000 │
                                       └       ┘

                                     }
                                     )
                                     align: ⚓ (Translation {

                                       ┌         ┐
                                       │ 300.000 │
                                       │   0.000 │
                                       │   0.000 │
                                       └         ┘

                                     }
                                     )
                                     translation: ⚓ (Translation {

                                       ┌         ┐
                                       │ 300.000 │
                                       │   0.000 │
                                       │   0.000 │
                                       └         ┘

                                     }
                                     )
                                     coordinates_trans: ⚓ (Translation {

                                       ┌         ┐
                                       │ 300.000 │
                                       │   0.000 │
                                       │   0.000 │
                                       └         ┘

                                     }
                                     )
                                     cass_trans: ⚓ (Translation {

                                       ┌       ┐
                                       │ 0.000 │
                                       │ 0.000 │
                                       │ 0.000 │
                                       └       ┘

                                     }
                                     )
                                     matrix: ⚓ (
                                       ┌                 ┐
                                       │   1   0   0 300 │
                                       │   0   1   0   0 │
                                       │   0   0   1   0 │
                                       │   0   0   0   1 │
                                       └                 ┘

                                     )
                                     loc_styles: ⚓ (Style {
                                         transform: matrix3d(1,0,0,0,0,1,0,0,0,0,1,0,300,0,0,1);

                                     };)
                                     world: ⚓ (Translation {

                                       ┌         ┐
                                       │ 300.000 │
                                       │   0.000 │
                                       │   0.000 │
                                       └         ┘

                                     }
                                     )
                                 }
                                 styles_string: String {
                                     ⚓ (transform: matrix3d(1,0,0,0,0,1,0,0,0,0,1,0,300,0,0,1);
                                      width: 240px;
                                     height: 240px;
                                     )
                                 }
                                 more... 

                             }
                         }
                         layout: Layout {
                             size:{
                                 w:✦ (⚓ (None))
                                 h:✦ (⚓ (None))

                             }
                             origin:{
                                 x:✦ (⚓ (None))
                                 y:✦ (⚓ (None))
                                 z:✦ (⚓ (None))

                             }
                             align:{
                                 x:✦ (⚓ (None))
                                 y:✦ (⚓ (None))
                                 z:✦ (⚓ (None))

                             }

                         }
                         styles: ⚓{}
                         path_styles: ✦<HashMap> {
                         }
                         path_layouts: ✦<HashMap> {
                         }
                         other_css_styles:✦ (Style {

                         };)
                         edge_nodes: ⚓<Dict> {
                             [⚬-▣ root => ▣ x => ▣ x_click] : EdgeData {
                                 calculated: LayoutCalculated {
                                     cass_or_calc_size: ⚓ (
                                       ┌   ┐
                                       │ 0 │
                                       │ 0 │
                                       └   ┘

                                     )
                                     origin: ⚓ (Translation {

                                       ┌       ┐
                                       │ 0.000 │
                                       │ 0.000 │
                                       │ 0.000 │
                                       └       ┘

                                     }
                                     )
                                     align: ⚓ (Translation {

                                       ┌       ┐
                                       │ 0.000 │
                                       │ 0.000 │
                                       │ 0.000 │
                                       └       ┘

                                     }
                                     )
                                     translation: ⚓ (Translation {

                                       ┌       ┐
                                       │ 0.000 │
                                       │ 0.000 │
                                       │ 0.000 │
                                       └       ┘

                                     }
                                     )
                                     coordinates_trans: ⚓ (Translation {

                                       ┌       ┐
                                       │ 0.000 │
                                       │ 0.000 │
                                       │ 0.000 │
                                       └       ┘

                                     }
                                     )
                                     cass_trans: ⚓ (Translation {

                                       ┌       ┐
                                       │ 0.000 │
                                       │ 0.000 │
                                       │ 0.000 │
                                       └       ┘

                                     }
                                     )
                                     matrix: ⚓ (
                                       ┌         ┐
                                       │ 1 0 0 0 │
                                       │ 0 1 0 0 │
                                       │ 0 0 1 0 │
                                       │ 0 0 0 1 │
                                       └         ┘

                                     )
                                     loc_styles: ⚓ (Style {
                                         transform: matrix3d(1,0,0,0,0,1,0,0,0,0,1,0,0,0,0,1);

                                     };)
                                     world: ⚓ (Translation {

                                       ┌         ┐
                                       │ 300.000 │
                                       │   0.000 │
                                       │   0.000 │
                                       └         ┘

                                     }
                                     )
                                 }
                                 styles_string: String {
                                     ⚓ (transform: matrix3d(1,0,0,0,0,1,0,0,0,0,1,0,0,0,0,1);
                                      width: -0px;
                                     height: -0px;
                                     )
                                 }
                                 more... 

                             }
                         }

                     } ,
                     source_nix: ▣ x ,
                     target_nix: ▣ x_click ,

               }
           }}


}

