---
source: emg_layout/src/animation.rs
assertion_line: 1507
expression: "&a"

---
AnimationEdge {
    inside: AnimationInside {
        steps: StateVar(
            RefCell {
                value: [
                    _Step,
                    To(
                        [
                            Prop(
                                TypeName(
                                    "CssWidth",
                                ),
                                Motion {
                                    position: NotNan(
                                        1.0,
                                    ),
                                    velocity: NotNan(
                                        0.0,
                                    ),
                                    target: NotNan(
                                        1.0,
                                    ),
                                    interpolation: Spring {
                                        stiffness: NotNan(
                                            170.0,
                                        ),
                                        damping: NotNan(
                                            26.0,
                                        ),
                                    },
                                    unit: Px,
                                    interpolation_override: None,
                                },
                            ),
                        ],
                    ),
                ],
            },
        ),
        interruption: StateVar(
            [],
        ),
        props: [
            StateVarProperty(
                StateVar(
                    Prop(
                        TypeName(
                            "CssWidth",
                        ),
                        Motion {
                            position: NotNan(
                                0.95278155548,
                            ),
                            velocity: NotNan(
                                -2.83322,
                            ),
                            target: NotNan(
                                0.0,
                            ),
                            interpolation: Spring {
                                stiffness: NotNan(
                                    170.0,
                                ),
                                damping: NotNan(
                                    26.0,
                                ),
                            },
                            unit: Px,
                            interpolation_override: None,
                        },
                    ),
                ),
            ),
        ],
    },
    timing: StateAnchor(
        Timing {
            current: 16ms,
            dt: 16.666ms,
        },
    ),
    running: StateAnchor(
        true,
    ),
}
