---
source: emg_layout/src/animation.rs
assertion_line: 966
expression: "&b"
---
AnimationEdge {
    inside: AnimationInside {
        steps: StateVarLit(
            RefCell {
                value: [
                    _Step,
                ],
            },
        ),
        interruption: StateVarLit(
            [],
        ),
        props: [
            StateVarProperty {
                prop_sv: StateVar(
                    Prop(
                        TypeName(
                            "CssWidth",
                        ),
                        Motion {
                            position: NotNan(
                                194.39368,
                            ),
                            velocity: NotNan(
                                3419.9011,
                            ),
                            target: NotNan(
                                888.0,
                            ),
                            interpolation: Spring {
                                stiffness: NotNan(
                                    170.0,
                                ),
                                damping: NotNan(
                                    26.0,
                                ),
                            },
                            unit: Px,
                            interpolation_override: None,
                        },
                    ),
                ),
                trace_id: 1,
            },
        ],
    },
    timing: StateAnchor(
        Timing {
            current: 33ms,
            dt: 17ms,
        },
    ),
    running: StateAnchor(
        true,
    ),
}
