---
source: gtree_macro/src/cassowary.rs
expression: "&ok.ccsss"
---
[
    CCSS {
        var_op_vars: CCSSVarOpVarExpr {
            var: ScopeViewVariable {
                scope: None,
                view: Some(
                    Id(
                        Ident(
                            b1,
                        ),
                    ),
                ),
                variable: Some(
                    PredVariable(
                        Ident(
                            right,
                        ),
                    ),
                ),
            },
            op_exprs: [],
        },
        eq_exprs: [
            CCSSEqExpression {
                eq: Eq(
                    EqEq,
                ),
                expr: CCSSVarOpVarExpr {
                    var: ScopeViewVariable {
                        scope: None,
                        view: Some(
                            Id(
                                Ident(
                                    b2,
                                ),
                            ),
                        ),
                        variable: Some(
                            PredVariable(
                                Ident(
                                    left,
                                ),
                            ),
                        ),
                    },
                    op_exprs: [],
                },
            },
        ],
        sw: None,
    },
]
