---
source: gtree_macro/src/lib.rs
expression: ok.to_token_stream()
---
{ { let id = IdStr :: new_inline ("root") ; let edges = vec ! [] ; let children = vec ! [] ; Checkbox :: new (false , "abcd" , | _ | Message :: IncrementPressed) . tree_init_calling (& id , & edges , & children) . with_id_edge_children (id , Some (edges) , Some (children)) } }
